// Jest Snapshot v1, https://goo.gl/fbAQLP

exports[`Hero SplitContent should render 1`] = `
.emotion-6 {
  padding-left: calc(2.2222222222222223vw + 21.333333333333332px);
  padding-right: calc(2.2222222222222223vw + 21.333333333333332px);
  padding-top: calc(7.777777777777778vw + -5.333333333333333px);
  padding-bottom: calc(7.777777777777778vw + -5.333333333333333px);
  position: relative;
  position: relative;
  z-index: 0;
}

@media (max-width:480px) {
  .emotion-6 {
    padding-left: 32px;
  }
}

@media (min-width:1200px) {
  .emotion-6 {
    padding-left: 48px;
  }
}

@media (max-width:480px) {
  .emotion-6 {
    padding-right: 32px;
  }
}

@media (min-width:1200px) {
  .emotion-6 {
    padding-right: 48px;
  }
}

@media (min-width:1288px) {
  .emotion-6 {
    padding-right: calc((100% - 1200px) / 2);
    padding-left: calc((100% - 1200px) / 2);
  }
}

@media (max-width:480px) {
  .emotion-6 {
    padding-top: 32px;
  }
}

@media (min-width:1200px) {
  .emotion-6 {
    padding-top: 88px;
  }
}

@media (max-width:480px) {
  .emotion-6 {
    padding-bottom: 32px;
  }
}

@media (min-width:1200px) {
  .emotion-6 {
    padding-bottom: 88px;
  }
}

@media (min-width:768px) {
  .emotion-6 {
    padding-right: 50%;
  }
}

.emotion-0 {
  position: relative;
  z-index: 2;
}

.emotion-3 {
  max-width: none;
  width: 100%;
  margin: 0 auto;
  position: absolute !important;
  top: 0;
  left: 0;
  bottom: 0;
  right: 0;
  display: none;
  opacity: 0;
}

@media (min-width:768px) {
  .emotion-3 {
    display: block;
    opacity: 1;
  }
}

<section
  class="emotion-5 emotion-6 emotion-7"
>
  <div
    class="emotion-0 emotion-1"
  >
    
    
    <p>
      Hero
    </p>
  </div>
  <div
    class="emotion-2 emotion-3 emotion-4 gatsby-image-wrapper"
    style="position: relative; overflow: hidden;"
  >
    <div
      aria-hidden="true"
      style="width: 100%; padding-bottom: 42.5%;"
    />
    <img
      alt=""
      aria-hidden="true"
      src="data:image/jpeg;base64,/9j/2wBDABALDA4MChAODQ4SERATGCgaGBYWGDEjJR0oOjM9PDkzODdASFxOQERXRTc4UG1RV19iZ2hnPk1xeXBkeFxlZ2P/2wBDARESEhgVGC8aGi9jQjhCY2NjY2NjY2NjY2NjY2NjY2NjY2NjY2NjY2NjY2NjY2NjY2NjY2NjY2NjY2NjY2NjY2P/wgARCAAJABQDASIAAhEBAxEB/8QAFwAAAwEAAAAAAAAAAAAAAAAAAAQFA//EABUBAQEAAAAAAAAAAAAAAAAAAAAB/9oADAMBAAIQAxAAAAG9IagJsJB//8QAHBAAAQMFAAAAAAAAAAAAAAAAAQACAwQRMTIz/9oACAEBAAEFAlVSNIMgu/o7Mu//xAAUEQEAAAAAAAAAAAAAAAAAAAAQ/9oACAEDAQE/AT//xAAUEQEAAAAAAAAAAAAAAAAAAAAQ/9oACAECAQE/AT//xAAZEAEAAgMAAAAAAAAAAAAAAAABABASIYH/2gAIAQEABj8CgE3nxor/xAAaEAACAwEBAAAAAAAAAAAAAAAAAREhMXGh/9oACAEBAAE/IVg/i1cjso2x04eU0P/aAAwDAQACAAMAAAAQC8//xAAWEQEBAQAAAAAAAAAAAAAAAAAAARH/2gAIAQMBAT8QrH//xAAUEQEAAAAAAAAAAAAAAAAAAAAQ/9oACAECAQE/ED//xAAcEAEAAQUBAQAAAAAAAAAAAAABABEhMWGhsfD/2gAIAQEAAT8QsS4pGC3QMLp1LO2KgBic7yfJtnEeT//Z"
      style="position: absolute; top: 0px; left: 0px; width: 100%; height: 100%; object-fit: cover; object-position: center; opacity: 1; transition-delay: 500ms;"
    />
    <picture>
      <source
        sizes="(max-width: 800px) 100vw, 800px"
        srcset="test-file-stub"
      />
      <img
        alt="Alt Text"
        loading="lazy"
        sizes="(max-width: 800px) 100vw, 800px"
        src="test-file-stub"
        srcset="test-file-stub"
        style="position: absolute; top: 0px; left: 0px; width: 100%; height: 100%; object-fit: cover; object-position: center; opacity: 0; transition: opacity 500ms;"
      />
    </picture>
    <noscript>
      &lt;picture&gt;&lt;source srcset="test-file-stub" sizes="(max-width: 800px) 100vw, 800px" /&gt;&lt;img loading="lazy" sizes="(max-width: 800px) 100vw, 800px" srcset="test-file-stub" src="test-file-stub" alt="Alt Text" style="position:absolute;top:0;left:0;opacity:1;width:100%;height:100%;object-fit:cover;object-position:center"/&gt;&lt;/picture&gt;
    </noscript>
  </div>
</section>
`;
