// Jest Snapshot v1, https://goo.gl/fbAQLP

exports[`Placeholder should render each type 1`] = `
.emotion-8 {
  background-color: #f4f5f6;
  border-radius: 4px;
  border: 1px solid #2de6bc;
  box-shadow: 0 0.3rem 1rem 0 rgba(0,0,0,0.1);
  display: -webkit-box;
  display: -webkit-flex;
  display: -ms-flexbox;
  display: flex;
  -webkit-align-items: stretch;
  -webkit-box-align: stretch;
  -ms-flex-align: stretch;
  align-items: stretch;
}

.emotion-8 * {
  color: #383d43;
}

.emotion-0 {
  -webkit-flex: 0 0 auto;
  -ms-flex: 0 0 auto;
  flex: 0 0 auto;
  background-color: #2de6bc;
  padding: 24px 16px;
}

.emotion-0 svg {
  fill: #000;
}

.emotion-6 {
  color: #383d43;
  padding: 12px 16px;
  text-align: left;
}

.emotion-6 p {
  margin: 0;
}

.emotion-2 {
  font-size: 0.875rem;
  line-height: 1.375rem;
}

@media all and (-ms-high-contrast:none),(-ms-high-contrast:active) {
  .emotion-2 {
    width: 100%;
  }
}

.emotion-4 {
  font-size: 1rem;
  line-height: 1.375rem;
}

@media all and (-ms-high-contrast:none),(-ms-high-contrast:active) {
  .emotion-4 {
    width: 100%;
  }
}

.emotion-18 {
  background-color: #f4f5f6;
  border-radius: 4px;
  border: 1px solid #ff7928;
  box-shadow: 0 0.3rem 1rem 0 rgba(0,0,0,0.1);
  display: -webkit-box;
  display: -webkit-flex;
  display: -ms-flexbox;
  display: flex;
  -webkit-align-items: stretch;
  -webkit-box-align: stretch;
  -ms-flex-align: stretch;
  align-items: stretch;
}

.emotion-18 * {
  color: #383d43;
}

.emotion-10 {
  -webkit-flex: 0 0 auto;
  -ms-flex: 0 0 auto;
  flex: 0 0 auto;
  background-color: #ff7928;
  padding: 24px 16px;
}

.emotion-10 svg {
  fill: #000;
}

.emotion-28 {
  background-color: #f4f5f6;
  border-radius: 4px;
  border: 1px solid #ff3068;
  box-shadow: 0 0.3rem 1rem 0 rgba(0,0,0,0.1);
  display: -webkit-box;
  display: -webkit-flex;
  display: -ms-flexbox;
  display: flex;
  -webkit-align-items: stretch;
  -webkit-box-align: stretch;
  -ms-flex-align: stretch;
  align-items: stretch;
}

.emotion-28 * {
  color: #383d43;
}

.emotion-20 {
  -webkit-flex: 0 0 auto;
  -ms-flex: 0 0 auto;
  flex: 0 0 auto;
  background-color: #ff3068;
  padding: 24px 16px;
}

.emotion-20 svg {
  fill: #000;
}

<div>
  <div
    class="emotion-8 emotion-9"
    color="success"
  >
    <div
      class="emotion-0 emotion-1"
      color="success"
    >
      <span>
        NotificationsActive icon Mock
      </span>
    </div>
    <div
      class="emotion-6 emotion-7"
    >
      <p
        class="emotion-2 emotion-3"
      >
        Notice
      </p>
      <p
        class="emotion-4 emotion-3"
      >
        This is a quick notification for you to read
      </p>
    </div>
  </div>
  <div
    class="emotion-18 emotion-9"
    color="warning"
  >
    <div
      class="emotion-10 emotion-1"
      color="warning"
    >
      <span>
        Warning icon Mock
      </span>
    </div>
    <div
      class="emotion-6 emotion-7"
    >
      <p
        class="emotion-2 emotion-3"
      >
        Notice
      </p>
      <p
        class="emotion-4 emotion-3"
      >
        This is a quick notification for you to read
      </p>
    </div>
  </div>
  <div
    class="emotion-28 emotion-9"
    color="error"
  >
    <div
      class="emotion-20 emotion-1"
      color="error"
    >
      <span>
        Error icon Mock
      </span>
    </div>
    <div
      class="emotion-6 emotion-7"
    >
      <p
        class="emotion-2 emotion-3"
      >
        Notice
      </p>
      <p
        class="emotion-4 emotion-3"
      >
        This is a quick notification for you to read
      </p>
    </div>
  </div>
</div>
`;
