// Jest Snapshot v1, https://goo.gl/fbAQLP

exports[`PackageCard PackageCard should render 1`] = `
.emotion-38 {
  box-shadow: 0 4px 8px #d8dcdf;
  border-top: solid 8px #0f6bc0;
  background-color: #fff;
  border-radius: 4px;
  display: -webkit-box;
  display: -webkit-flex;
  display: -ms-flexbox;
  display: flex;
  -webkit-flex-direction: column;
  -ms-flex-direction: column;
  flex-direction: column;
  -webkit-align-items: center;
  -webkit-box-align: center;
  -ms-flex-align: center;
  align-items: center;
  height: 100%;
  width: 100%;
  max-width: 320px;
  margin-left: auto;
  margin-right: auto;
  text-align: center;
}

.emotion-38 .ejczsmh0 {
  -webkit-align-self: stretch;
  -ms-flex-item-align: stretch;
  align-self: stretch;
  margin: 32px 0 0;
}

.emotion-38 .ejczsmh0 button {
  width: 100%;
  border-top-left-radius: 0;
  border-top-right-radius: 0;
  -webkit-box-pack: center;
  -webkit-justify-content: center;
  -ms-flex-pack: center;
  justify-content: center;
}

.emotion-38 .ejczsmh0 button svg {
  display: none;
}

.emotion-38 .label {
  -webkit-transform: translateY(calc(-100% - 8px));
  -ms-transform: translateY(calc(-100% - 8px));
  transform: translateY(calc(-100% - 8px));
  padding: 4px 32px;
  background-color: #125b9f;
  font-size: 0.625rem;
  line-height: 0.75rem;
  color: #fff;
  position: absolute;
  margin: 0;
  border-top-left-radius: 4px;
  border-top-right-radius: 4px;
  font-weight: bold;
  -webkit-letter-spacing: 1px;
  -moz-letter-spacing: 1px;
  -ms-letter-spacing: 1px;
  letter-spacing: 1px;
  text-transform: uppercase;
}

.emotion-38 .title {
  margin: 8px 0 16px;
  padding: 0 32px 0;
  font-size: 0.625rem;
  line-height: 0.75rem;
  font-weight: bold;
  -webkit-letter-spacing: 1px;
  -moz-letter-spacing: 1px;
  -ms-letter-spacing: 1px;
  letter-spacing: 1px;
  text-transform: uppercase;
}

.emotion-38 .details {
  margin: 0 0 16px;
  padding: 16px 0;
  background-color: #f4f5f6;
  display: -webkit-box;
  display: -webkit-flex;
  display: -ms-flexbox;
  display: flex;
  -webkit-box-pack: space-around;
  -webkit-justify-content: space-around;
  -ms-flex-pack: space-around;
  justify-content: space-around;
  -webkit-align-items: stretch;
  -webkit-box-align: stretch;
  -ms-flex-align: stretch;
  align-items: stretch;
  font-size: 12px;
  line-height: 14px;
  width: 100%;
}

.emotion-38 .details > span {
  padding: 4px 12px;
  display: -webkit-box;
  display: -webkit-flex;
  display: -ms-flexbox;
  display: flex;
  -webkit-align-items: center;
  -webkit-box-align: center;
  -ms-flex-align: center;
  align-items: center;
  -webkit-box-pack: center;
  -webkit-justify-content: center;
  -ms-flex-pack: center;
  justify-content: center;
  position: relative;
  -webkit-flex: 1;
  -ms-flex: 1;
  flex: 1;
}

.emotion-38 .details > span::after {
  background-color: #5b636d;
  display: block;
  position: absolute;
  right: 0;
  top: 0;
  content: '';
  width: 1px;
  height: 100%;
}

.emotion-38 .details > span:last-of-type::after {
  display: none;
}

.emotion-38 .spacer {
  -webkit-flex: 1;
  -ms-flex: 1;
  flex: 1;
}

.emotion-38 .price {
  margin-bottom: 16px;
}

.emotion-38 .price__wrapper {
  display: inline-block;
}

.emotion-0 {
  font-size: 0.875rem;
  line-height: 1.375rem;
}

@media all and (-ms-high-contrast:none),(-ms-high-contrast:active) {
  .emotion-0 {
    width: 100%;
  }
}

.emotion-2 {
  font-weight: 500;
  font-size: calc(0.5555555555555556vw + 17.333333333333332px);
  line-height: calc(1.1111111111111112vw + 18.666666666666668px);
}

@media (max-width:480px) {
  .emotion-2 {
    font-size: 20px;
  }
}

@media (min-width:1200px) {
  .emotion-2 {
    font-size: 24px;
  }
}

@media (max-width:480px) {
  .emotion-2 {
    line-height: 24px;
  }
}

@media (min-width:1200px) {
  .emotion-2 {
    line-height: 32px;
  }
}

@media all and (-ms-high-contrast:none),(-ms-high-contrast:active) {
  .emotion-2 {
    width: 100%;
  }
}

.emotion-12 {
  display: inline-grid;
  grid-template-areas: "prefix prefix prefix prefix" "currency dollars change duration" "suffix suffix suffix suffix";
  font-size: 3.25rem;
}

.emotion-4 {
  grid-area: currency;
  font-size: 0.35em;
  line-height: 1;
}

.emotion-6 {
  grid-area: dollars;
  line-height: 0.7;
}

.emotion-8 {
  grid-area: change;
  font-size: 1em;
  line-height: 0.7;
}

.emotion-8::before {
  display: inline-block;
  content: '.';
}

.emotion-10 {
  grid-area: duration;
  font-size: 0.4em;
  line-height: 1;
}

.emotion-15 {
  font-size: 0.625rem;
  line-height: 0.75rem;
  opacity: 0.8;
}

@media all and (-ms-high-contrast:none),(-ms-high-contrast:active) {
  .emotion-15 {
    width: 100%;
  }
}

.emotion-36 {
  display: inline-block;
  text-align: left;
  list-style: none;
  margin: 16px;
}

.emotion-20 {
  margin-bottom: 8px;
  display: -webkit-box;
  display: -webkit-flex;
  display: -ms-flexbox;
  display: flex;
  -webkit-align-items: flex-start;
  -webkit-box-align: flex-start;
  -ms-flex-align: flex-start;
  align-items: flex-start;
}

.emotion-20 > div {
  margin-left: 8px;
  -webkit-flex: 1;
  -ms-flex: 1;
  flex: 1;
}

.emotion-20 > svg {
  margin: 0;
}

.emotion-20 h5 {
  margin-bottom: 0;
}

.emotion-20 p {
  margin: 0;
}

.emotion-18 {
  font-size: 1rem;
  line-height: 1.375rem;
}

@media all and (-ms-high-contrast:none),(-ms-high-contrast:active) {
  .emotion-18 {
    width: 100%;
  }
}

<div>
  <div
    class="emotion-38 emotion-39"
  >
    <p
      class="label emotion-0 emotion-1"
    >
      Best Value
    </p>
    <h5
      class="title emotion-2 emotion-3"
    >
      DIRECTVÂ® Ultimate All-Included + INTERNET + HOME PHONE
    </h5>
    <div
      class="details"
    >
      <span>
        300 Channels
      </span>
      <span>
        30Mbps Internet
      </span>
      <span>
        Home Phone
      </span>
    </div>
    <div
      aria-label=" $79.99 per /mo"
      class="price emotion-12 emotion-13"
    >
      <span
        class="emotion-4 emotion-5"
      >
        $
      </span>
      <span
        class="emotion-6 emotion-7"
      >
        79
      </span>
      <span
        class="emotion-8 emotion-9"
      >
        99
      </span>
      <span
        class="emotion-10 emotion-11"
      >
        /mo
      </span>
    </div>
    <p
      class="emotion-14 emotion-15 emotion-1"
    >
      For 12 months with 24-mo. DIRECTV agreement and combined billing. Price includes DIRECTV ULTIMATE All- Included Package ($60.00/mo.)
    </p>
    <ul
      class="emotion-35 emotion-36 emotion-37"
    >
      <li
        class="emotion-20 emotion-21"
      >
        <span>
          Done icon Mock
        </span>
        <div>
          <p
            class="emotion-14 emotion-18 emotion-1"
          >
            Speeds up to 20 Mbps
          </p>
        </div>
      </li>
      <li
        class="emotion-20 emotion-21"
      >
        <span>
          Done icon Mock
        </span>
        <div>
          <p
            class="emotion-14 emotion-18 emotion-1"
          >
            No contract
          </p>
        </div>
      </li>
      <li
        class="emotion-20 emotion-21"
      >
        <span>
          Done icon Mock
        </span>
        <div>
          <p
            class="emotion-14 emotion-18 emotion-1"
          >
            No rate hike
          </p>
          <p
            class="emotion-14 emotion-15 emotion-1"
          >
            For 12 months with 24-mo. DIRECTV agreement and combined billing. Price includes DIRECTV ULTIMATE All- Included Package ($60.00/mo.)
          </p>
        </div>
      </li>
    </ul>
    <div
      class="spacer"
    />
  </div>
</div>
`;
